Archive member included to satisfy reference by file (symbol)

.pio/build/EEP/lib11b/libweigter_hx711.a(HX711.cpp.o)
                              .pio/build/EEP/src/main.cpp.o (symbol from plugin) (_ZN10HX711MultiC1Ehhhhh)
.pio/build/EEP/lib7a4/libEncButton.a(utils.cpp.o)
                              .pio/build/EEP/src/main.cpp.o (symbol from plugin) (_Z6EBreadh)
.pio/build/EEP/lib8c4/libGyverBME280.a(GyverBME280.cpp.o)
                              .pio/build/EEP/src/main.cpp.o (symbol from plugin) (_ZN11GyverBME280C1Ev)
.pio/build/EEP/libab0/libGyverTimers.a(GyverTimers.cpp.o)
                              .pio/build/EEP/src/main.cpp.o (symbol from plugin) (_ZN7Timer_15pauseEv)
.pio/build/EEP/lib2d0/libPID.a(PID_v1.cpp.o)
                              .pio/build/EEP/src/main.cpp.o (symbol from plugin) (_ZN3PID7ComputeEv)
.pio/build/EEP/libc1c/libU8g2.a(U8x8lib.cpp.o)
                              .pio/build/EEP/src/main.cpp.o (symbol from plugin) (u8x8_gpio_and_delay_arduino)
.pio/build/EEP/libc1c/libU8g2.a(u8g2_buffer.c.o)
                              .pio/build/EEP/src/main.cpp.o (symbol from plugin) (u8g2_ClearBuffer)
.pio/build/EEP/libc1c/libU8g2.a(u8g2_button.c.o)
                              .pio/build/EEP/src/main.cpp.o (symbol from plugin) (u8g2_DrawButtonUTF8)
.pio/build/EEP/libc1c/libU8g2.a(u8g2_cleardisplay.c.o)
                              .pio/build/EEP/src/main.cpp.o (symbol from plugin) (u8g2_ClearDisplay)
.pio/build/EEP/libc1c/libU8g2.a(u8g2_d_setup.c.o)
                              .pio/build/EEP/src/main.cpp.o (symbol from plugin) (u8g2_Setup_ssd1306_i2c_128x64_noname_1)
.pio/build/EEP/libc1c/libU8g2.a(u8g2_font.c.o)
                              u8g2_button.c.o (symbol from plugin) (u8g2_SetFontMode)
.pio/build/EEP/libc1c/libU8g2.a(u8g2_hvline.c.o)
                              u8g2_font.c.o (symbol from plugin) (u8g2_DrawHVLine)
.pio/build/EEP/libc1c/libU8g2.a(u8g2_intersection.c.o)
                              u8g2_font.c.o (symbol from plugin) (u8g2_IsIntersection)
.pio/build/EEP/libc1c/libU8g2.a(u8g2_kerning.c.o)
                              u8g2_font.c.o (symbol from plugin) (u8g2_GetKerning)
.pio/build/EEP/libc1c/libU8g2.a(u8g2_line.c.o)
                              .pio/build/EEP/src/main.cpp.o (symbol from plugin) (u8g2_DrawLine)
.pio/build/EEP/libc1c/libU8g2.a(u8g2_ll_hvline.c.o)
                              u8g2_d_setup.c.o (symbol from plugin) (u8g2_ll_hvline_vertical_top_lsb)
.pio/build/EEP/libc1c/libU8g2.a(u8g2_setup.c.o)
                              u8g2_d_setup.c.o (symbol from plugin) (u8g2_SetupBuffer)
.pio/build/EEP/libc1c/libU8g2.a(u8x8_8x8.c.o)
                              .pio/build/EEP/src/main.cpp.o (symbol from plugin) (u8x8_ascii_next)
.pio/build/EEP/libc1c/libU8g2.a(u8x8_byte.c.o)
                              U8x8lib.cpp.o (symbol from plugin) (u8x8_byte_set_ks0108_cs)
.pio/build/EEP/libc1c/libU8g2.a(u8x8_cad.c.o)
                              u8g2_setup.c.o (symbol from plugin) (u8x8_cad_vsendf)
.pio/build/EEP/libc1c/libU8g2.a(u8x8_capture.c.o)
                              u8g2_buffer.c.o (symbol from plugin) (u8x8_capture_get_pixel_1)
.pio/build/EEP/libc1c/libU8g2.a(u8x8_d_a2printer.c.o)
                              u8g2_d_setup.c.o (symbol from plugin) (u8x8_d_a2printer_384x240)
.pio/build/EEP/libc1c/libU8g2.a(u8x8_d_gp1247ai.c.o)
                              u8g2_d_setup.c.o (symbol from plugin) (u8x8_d_gp1247ai_253x63)
.pio/build/EEP/libc1c/libU8g2.a(u8x8_d_gp1287ai.c.o)
                              u8g2_d_setup.c.o (symbol from plugin) (u8x8_d_gp1287ai_256x50)
.pio/build/EEP/libc1c/libU8g2.a(u8x8_d_gu800.c.o)
                              u8g2_d_setup.c.o (symbol from plugin) (u8x8_d_gu800_128x64)
.pio/build/EEP/libc1c/libU8g2.a(u8x8_d_hd44102.c.o)
                              u8g2_d_setup.c.o (symbol from plugin) (u8x8_d_t7932_150x32)
.pio/build/EEP/libc1c/libU8g2.a(u8x8_d_il3820_296x128.c.o)
                              u8g2_d_setup.c.o (symbol from plugin) (u8x8_d_il3820_296x128)
.pio/build/EEP/libc1c/libU8g2.a(u8x8_d_ist3020.c.o)
                              u8g2_d_setup.c.o (symbol from plugin) (u8x8_d_ist3020_erc19264)
.pio/build/EEP/libc1c/libU8g2.a(u8x8_d_ist3088.c.o)
                              u8g2_d_setup.c.o (symbol from plugin) (u8x8_d_ist3088_320x240)
.pio/build/EEP/libc1c/libU8g2.a(u8x8_d_ist7920.c.o)
                              u8g2_d_setup.c.o (symbol from plugin) (u8x8_d_ist7920_128x128)
.pio/build/EEP/libc1c/libU8g2.a(u8x8_d_ks0108.c.o)
                              u8g2_d_setup.c.o (symbol from plugin) (u8x8_d_ks0108_128x64)
.pio/build/EEP/libc1c/libU8g2.a(u8x8_d_lc7981.c.o)
                              u8g2_d_setup.c.o (symbol from plugin) (u8x8_d_lc7981_160x80)
.pio/build/EEP/libc1c/libU8g2.a(u8x8_d_ld7032_60x32.c.o)
                              u8g2_d_setup.c.o (symbol from plugin) (u8x8_d_ld7032_60x32)
.pio/build/EEP/libc1c/libU8g2.a(u8x8_d_ls013b7dh03.c.o)
[...]
Memory Configuration

Name             Origin             Length             Attributes
text             0x0000000000000000 0x0000000000020000 xr
data             0x0000000000800060 0x000000000000ffa0 rw !x
eeprom           0x0000000000810000 0x0000000000010000 rw !x
fuse             0x0000000000820000 0x0000000000000003 rw !x
lock             0x0000000000830000 0x0000000000000400 rw !x
signature        0x0000000000840000 0x0000000000000400 rw !x
user_signatures  0x0000000000850000 0x0000000000000400 rw !x
*default*        0x0000000000000000 0xffffffffffffffff

Linker script and memory map

Address of section .data set to 0x800100
LOAD /Users/ruslanpavluchenko/.platformio/packages/toolchain-atmelavr/bin/../lib/gcc/avr/7.3.0/../../../../avr/lib/avr5/crtatmega328p.o
LOAD .pio/build/EEP/src/main.cpp.o
LOAD /var/folders/1r/4jl13l9d1kgg9fz7f_55_pb00000gn/T//ccdGXS7h.ltrans0.ltrans.o
LOAD .pio/build/EEP/src/pid/pidautotuner.cpp.o
LOAD .pio/build/EEP/src/thermistor/thermistor.cpp.o
START GROUP
LOAD .pio/build/EEP/lib11b/libweigter_hx711.a
LOAD .pio/build/EEP/lib7a4/libEncButton.a
LOAD .pio/build/EEP/libcc3/libWire.a
LOAD .pio/build/EEP/lib8c4/libGyverBME280.a
LOAD .pio/build/EEP/libab0/libGyverTimers.a
LOAD .pio/build/EEP/lib2d0/libPID.a
LOAD .pio/build/EEP/lib1f4/libSPI.a
LOAD .pio/build/EEP/libc1c/libU8g2.a
LOAD .pio/build/EEP/libFrameworkArduinoVariant.a
LOAD .pio/build/EEP/libFrameworkArduino.a
END GROUP
LOAD /Users/ruslanpavluchenko/.platformio/packages/toolchain-atmelavr/bin/../lib/gcc/avr/7.3.0/avr5/libgcc.a
LOAD /Users/ruslanpavluchenko/.platformio/packages/toolchain-atmelavr/bin/../lib/gcc/avr/7.3.0/../../../../avr/lib/avr5/libm.a
START GROUP
LOAD /Users/ruslanpavluchenko/.platformio/packages/toolchain-atmelavr/bin/../lib/gcc/avr/7.3.0/avr5/libgcc.a
LOAD /Users/ruslanpavluchenko/.platformio/packages/toolchain-atmelavr/bin/../lib/gcc/avr/7.3.0/../../../../avr/lib/avr5/libm.a
LOAD /Users/ruslanpavluchenko/.platformio/packages/toolchain-atmelavr/bin/../lib/gcc/avr/7.3.0/../../../../avr/lib/avr5/libc.a
LOAD /Users/ruslanpavluchenko/.platformio/packages/toolchain-atmelavr/bin/../lib/gcc/avr/7.3.0/../../../../avr/lib/avr5/libatmega328p.a
END GROUP
                0x0000000000020000                __TEXT_REGION_LENGTH__ = DEFINED (__TEXT_REGION_LENGTH__)?__TEXT_REGION_LENGTH__:0x20000
                0x000000000000ffa0                __DATA_REGION_LENGTH__ = DEFINED (__DATA_REGION_LENGTH__)?__DATA_REGION_LENGTH__:0xffa0
                0x0000000000010000                __EEPROM_REGION_LENGTH__ = DEFINED (__EEPROM_REGION_LENGTH__)?__EEPROM_REGION_LENGTH__:0x10000
                [0x0000000000000003]                __FUSE_REGION_LENGTH__ = DEFINED (__FUSE_REGION_LENGTH__)?__FUSE_REGION_LENGTH__:0x400
                0x0000000000000400                __LOCK_REGION_LENGTH__ = DEFINED (__LOCK_REGION_LENGTH__)?__LOCK_REGION_LENGTH__:0x400
                0x0000000000000400                __SIGNATURE_REGION_LENGTH__ = DEFINED (__SIGNATURE_REGION_LENGTH__)?__SIGNATURE_REGION_LENGTH__:0x400
                0x0000000000000400                __USER_SIGNATURE_REGION_LENGTH__ = DEFINED (__USER_SIGNATURE_REGION_LENGTH__)?__USER_SIGNATURE_REGION_LENGTH__:0x400

.hash
 *(.hash)

.dynsym
 *(.dynsym)

.dynstr
 *(.dynstr)

.gnu.version
 *(.gnu.version)

.gnu.version_d
 *(.gnu.version_d)

.gnu.version_r
 *(.gnu.version_r)

.rel.init
 *(.rel.init)

.rela.init
 *(.rela.init)

.rel.text
 *(.rel.text)
 *(.rel.text.*)
 *(.rel.gnu.linkonce.t*)

.rela.text
 *(.rela.text)
 *(.rela.text.*)
 *(.rela.gnu.linkonce.t*)

.rel.fini
 *(.rel.fini)

.rela.fini
 *(.rela.fini)

.rel.rodata
 *(.rel.rodata)
 *(.rel.rodata.*)
 *(.rel.gnu.linkonce.r*)

.rela.rodata
 *(.rela.rodata)
 *(.rela.rodata.*)
 *(.rela.gnu.linkonce.r*)

.rel.data
 *(.rel.data)
 *(.rel.data.*)
 *(.rel.gnu.linkonce.d*)

.rela.data
 *(.rela.data)
 *(.rela.data.*)
 *(.rela.gnu.linkonce.d*)

.rel.ctors
 *(.rel.ctors)

.rela.ctors
 *(.rela.ctors)

.rel.dtors
 *(.rel.dtors)

.rela.dtors
 *(.rela.dtors)

.rel.got
 *(.rel.got)

.rela.got
 *(.rela.got)

.rel.bss
 *(.rel.bss)

.rela.bss
 *(.rela.bss)

.rel.plt
 *(.rel.plt)

.rela.plt
 *(.rela.plt)

.text           0x0000000000000000     0x79e8
 *(.vectors)
 .vectors       0x0000000000000000       0x68 /Users/ruslanpavluchenko/.platformio/packages/toolchain-atmelavr/bin/../lib/gcc/avr/7.3.0/../../../../avr/lib/avr5/crtatmega328p.o
                0x0000000000000000                __vectors
                0x0000000000000000                __vector_default
 *(.vectors)
 *(.progmem.gcc*)
                0x0000000000000068                . = ALIGN (0x2)
                0x0000000000000068                __trampolines_start = .
 *(.trampolines)
 .trampolines   0x0000000000000068        0x0 linker stubs
 *(.trampolines*)
                0x0000000000000068                __trampolines_end = .
 *libprintf_flt.a:*(.progmem.data)
 *libc.a:*(.progmem.data)
 *(.progmem*)
 .progmem.data  0x0000000000000068      0x42b /var/folders/1r/4jl13l9d1kgg9fz7f_55_pb00000gn/T//ccdGXS7h.ltrans0.ltrans.o
 .progmem.u8g2_font
                0x0000000000000493      0x361 /var/folders/1r/4jl13l9d1kgg9fz7f_55_pb00000gn/T//ccdGXS7h.ltrans0.ltrans.o
                0x00000000000007f4                . = ALIGN (0x2)
 *(.jumptables)
 *(.jumptables*)
 *(.lowtext)
 *(.lowtext*)
                0x00000000000007f4                __ctors_start = .
 *(.ctors)
 .ctors         0x00000000000007f4        0x2 /var/folders/1r/4jl13l9d1kgg9fz7f_55_pb00000gn/T//ccdGXS7h.ltrans0.ltrans.o
                0x00000000000007f6                __ctors_end = .
                0x00000000000007f6                __dtors_start = .
 *(.dtors)
                0x00000000000007f6                __dtors_end = .
 SORT(*)(.ctors)
 SORT(*)(.dtors)
 *(.init0)
 .init0         0x00000000000007f6        0x0 /Users/ruslanpavluchenko/.platformio/packages/toolchain-atmelavr/bin/../lib/gcc/avr/7.3.0/../../../../avr/lib/avr5/crtatmega328p.o
                0x00000000000007f6                __init
 *(.init0)
 *(.init1)
 *(.init1)
 *(.init2)
 .init2         0x00000000000007f6        0xc /Users/ruslanpavluchenko/.platformio/packages/toolchain-atmelavr/bin/../lib/gcc/avr/7.3.0/../../../../avr/lib/avr5/crtatmega328p.o
 *(.init2)
 *(.init3)
 *(.init3)
 *(.init4)
 .init4         0x0000000000000802       0x16 /Users/ruslanpavluchenko/.platformio/packages/toolchain-atmelavr/bin/../lib/gcc/avr/7.3.0/avr5/libgcc.a(_copy_data.o)
                0x0000000000000802                __do_copy_data
 .init4         0x0000000000000818       0x10 /Users/ruslanpavluchenko/.platformio/packages/toolchain-atmelavr/bin/../lib/gcc/avr/7.3.0/avr5/libgcc.a(_clear_bss.o)
                0x0000000000000818                __do_clear_bss
 *(.init4)
 *(.init5)
 *(.init5)
 *(.init6)
 .init6         0x0000000000000828       0x16 /Users/ruslanpavluchenko/.platformio/packages/toolchain-atmelavr/bin/../lib/gcc/avr/7.3.0/avr5/libgcc.a(_ctors.o)
                0x0000000000000828                __do_global_ctors
 *(.init6)
 *(.init7)
 *(.init7)
 *(.init8)
 *(.init8)
 *(.init9)
 .init9         0x000000000000083e        0x8 /Users/ruslanpavluchenko/.platformio/packages/toolchain-atmelavr/bin/../lib/gcc/avr/7.3.0/../../../../avr/lib/avr5/crtatmega328p.o
 *(.init9)
 *(.text)
 .text          0x0000000000000846        0x4 /Users/ruslanpavluchenko/.platformio/packages/toolchain-atmelavr/bin/../lib/gcc/avr/7.3.0/../../../../avr/lib/avr5/crtatmega328p.o
                0x0000000000000846                __vector_20
                0x0000000000000846                __vector_12
                0x0000000000000846                __bad_interrupt
                0x0000000000000846                __vector_3
                0x0000000000000846                __vector_23
                0x0000000000000846                __vector_25
                0x0000000000000846                __vector_13
                0x0000000000000846                __vector_17
                0x0000000000000846                __vector_19
                0x0000000000000846                __vector_7
                0x0000000000000846                __vector_5
                0x0000000000000846                __vector_9
                0x0000000000000846                __vector_21
                0x0000000000000846                __vector_15
                0x0000000000000846                __vector_8
                0x0000000000000846                __vector_14
                0x0000000000000846                __vector_10
                0x0000000000000846                __vector_18
                0x0000000000000846                __vector_22
 .text          0x000000000000084a     0x4cb4 /var/folders/1r/4jl13l9d1kgg9fz7f_55_pb00000gn/T//ccdGXS7h.ltrans0.ltrans.o
                0x0000000000004efa                __vector_24
                0x0000000000005150                __vector_16
                0x00000000000051e4                __vector_2
                0x0000000000005232                __vector_1
                0x0000000000005280                __vector_6
                0x0000000000005322                __vector_4
                0x000000000000546c                __vector_11
                0x00000000000054fe                . = ALIGN (0x2)
 *(.text.*)
 .text.startup  0x00000000000054fe     0x18fe /var/folders/1r/4jl13l9d1kgg9fz7f_55_pb00000gn/T//ccdGXS7h.ltrans0.ltrans.o
                0x0000000000005996                main
 .text.avr-libc
                0x0000000000006dfc        0xc /Users/ruslanpavluchenko/.platformio/packages/toolchain-atmelavr/bin/../lib/gcc/avr/7.3.0/../../../../avr/lib/avr5/libatmega328p.a(eerd_dword.o)
                0x0000000000006dfc                eeprom_read_dword
                0x0000000000006dfc                eeprom_read_float
 .text.avr-libc
                0x0000000000006e08        0xc /Users/ruslanpavluchenko/.platformio/packages/toolchain-atmelavr/bin/../lib/gcc/avr/7.3.0/../../../../avr/lib/avr5/libatmega328p.a(eerd_word.o)
                0x0000000000006e08                eeprom_read_word
 .text.avr-libc
                0x0000000000006e14       0x10 /Users/ruslanpavluchenko/.platformio/packages/toolchain-atmelavr/bin/../lib/gcc/avr/7.3.0/../../../../avr/lib/avr5/libatmega328p.a(eewr_dword.o)
                0x0000000000006e14                eeprom_write_float
                0x0000000000006e14                eeprom_write_dword
 .text.avr-libc
                0x0000000000006e24        0xa /Users/ruslanpavluchenko/.platformio/packages/toolchain-atmelavr/bin/../lib/gcc/avr/7.3.0/../../../../avr/lib/avr5/libatmega328p.a(eewr_word.o)
                0x0000000000006e24                eeprom_write_word
 .text.avr-libc
                0x0000000000006e2e       0x20 /Users/ruslanpavluchenko/.platformio/packages/toolchain-atmelavr/bin/../lib/gcc/avr/7.3.0/../../../../avr/lib/avr5/libatmega328p.a(eerd_block.o)
                0x0000000000006e2e                eeprom_read_block
                0x0000000000006e32                eeprom_read_blraw
 .text.avr-libc
                0x0000000000006e4e       0x1c /Users/ruslanpavluchenko/.platformio/packages/toolchain-atmelavr/bin/../lib/gcc/avr/7.3.0/../../../../avr/lib/avr5/libatmega328p.a(eewr_byte.o)
                0x0000000000006e4e                eeprom_write_byte
                0x0000000000006e50                eeprom_write_r18
 .text.libgcc.div
                0x0000000000006e6a       0x2e /Users/ruslanpavluchenko/.platformio/packages/toolchain-atmelavr/bin/../lib/gcc/avr/7.3.0/avr5/libgcc.a(_divmodsi4.o)
                0x0000000000006e6a                __divmodsi4
 .text.libgcc.div
                0x0000000000006e98       0x10 /Users/ruslanpavluchenko/.platformio/packages/toolchain-atmelavr/bin/../lib/gcc/avr/7.3.0/avr5/libgcc.a(_negsi2.o)
                0x0000000000006e98                __negsi2
 .text.libgcc.mul
                0x0000000000006ea8       0x16 /Users/ruslanpavluchenko/.platformio/packages/toolchain-atmelavr/bin/../lib/gcc/avr/7.3.0/avr5/libgcc.a(_muluhisi3.o)
                0x0000000000006ea8                __muluhisi3
 .text.libgcc.mul
                0x0000000000006ebe       0x10 /Users/ruslanpavluchenko/.platformio/packages/toolchain-atmelavr/bin/../lib/gcc/avr/7.3.0/avr5/libgcc.a(_mulshisi3.o)
                0x0000000000006ebe                __mulshisi3
                0x0000000000006ec4                __mulohisi3
 .text.libgcc.div
                0x0000000000006ece       0x44 /Users/ruslanpavluchenko/.platformio/packages/toolchain-atmelavr/bin/../lib/gcc/avr/7.3.0/avr5/libgcc.a(_udivmodsi4.o)
                0x0000000000006ece                __udivmodsi4
 .text.libgcc.mul
                0x0000000000006f12       0x1e /Users/ruslanpavluchenko/.platformio/packages/toolchain-atmelavr/bin/../lib/gcc/avr/7.3.0/avr5/libgcc.a(_umulhisi3.o)
                0x0000000000006f12                __umulhisi3
 .text.libgcc.mul
                0x0000000000006f30       0x20 /Users/ruslanpavluchenko/.platformio/packages/toolchain-atmelavr/bin/../lib/gcc/avr/7.3.0/avr5/libgcc.a(_mulsi3.o)
                0x0000000000006f30                __mulsi3
 .text.libgcc.div
                0x0000000000006f50       0x18 /Users/ruslanpavluchenko/.platformio/packages/toolchain-atmelavr/bin/../lib/gcc/avr/7.3.0/avr5/libgcc.a(_udivmodqi4.o)
                0x0000000000006f50                __udivmodqi4
 .text.libgcc.div
                0x0000000000006f68       0x28 /Users/ruslanpavluchenko/.platformio/packages/toolchain-atmelavr/bin/../lib/gcc/avr/7.3.0/avr5/libgcc.a(_udivmodhi4.o)
                0x0000000000006f68                __udivmodhi4
 .text.libgcc   0x0000000000006f90        0xc /Users/ruslanpavluchenko/.platformio/packages/toolchain-atmelavr/bin/../lib/gcc/avr/7.3.0/avr5/libgcc.a(_tablejump2.o)
                0x0000000000006f90                __tablejump2__
 .text.avr-libc.fplib
                0x0000000000006f9c        0xe /Users/ruslanpavluchenko/.platformio/packages/toolchain-atmelavr/bin/../lib/gcc/avr/7.3.0/../../../../avr/lib/avr5/libm.a(addsf3.o)
                0x0000000000006f9c                __subsf3
                0x0000000000006f9e                __addsf3
 .text.avr-libc.fplib
                0x0000000000006faa       0xcc /Users/ruslanpavluchenko/.platformio/packages/toolchain-atmelavr/bin/../lib/gcc/avr/7.3.0/../../../../avr/lib/avr5/libm.a(addsf3x.o)
                0x0000000000006fcc                __addsf3x
 .text.avr-libc.fplib
                0x0000000000007076        0xa /Users/ruslanpavluchenko/.platformio/packages/toolchain-atmelavr/bin/../lib/gcc/avr/7.3.0/../../../../avr/lib/avr5/libm.a(cmpsf2.o)
                0x0000000000007076                __lesf2
                0x0000000000007076                __nesf2
                0x0000000000007076                __eqsf2
                0x0000000000007076                __cmpsf2
                0x0000000000007076                __ltsf2
 .text.avr-libc.fplib
                0x0000000000007080        0x8 /Users/ruslanpavluchenko/.platformio/packages/toolchain-atmelavr/bin/../lib/gcc/avr/7.3.0/../../../../avr/lib/avr5/libm.a(divsf3.o)
                0x0000000000007080                __divsf3
 .text.avr-libc.fplib
                0x0000000000007088       0xdc /Users/ruslanpavluchenko/.platformio/packages/toolchain-atmelavr/bin/../lib/gcc/avr/7.3.0/../../../../avr/lib/avr5/libm.a(divsf3x.o)
                0x00000000000070a8                __divsf3x
                0x00000000000070ae                __divsf3_pse
 .text.avr-libc.fplib
                0x0000000000007164        0xe /Users/ruslanpavluchenko/.platformio/packages/toolchain-atmelavr/bin/../lib/gcc/avr/7.3.0/../../../../avr/lib/avr5/libm.a(fixsfsi.o)
                0x0000000000007164                __fixsfsi
 .text.avr-libc.fplib
                0x0000000000007172       0x5e /Users/ruslanpavluchenko/.platformio/packages/toolchain-atmelavr/bin/../lib/gcc/avr/7.3.0/../../../../avr/lib/avr5/libm.a(fixunssfsi.o)
                0x0000000000007172                __fixunssfsi
 .text.avr-libc.fplib
                0x00000000000071d0       0x7a /Users/ruslanpavluchenko/.platformio/packages/toolchain-atmelavr/bin/../lib/gcc/avr/7.3.0/../../../../avr/lib/avr5/libm.a(floatsisf.o)
                0x00000000000071d0                __floatunsisf
                0x00000000000071d4                __floatsisf
 .text.avr-libc.fplib
                0x000000000000724a       0x48 /Users/ruslanpavluchenko/.platformio/packages/toolchain-atmelavr/bin/../lib/gcc/avr/7.3.0/../../../../avr/lib/avr5/libm.a(fp_cmp.o)
                0x000000000000724a                __fp_cmp
 .text.avr-libc.fplib
                0x0000000000007292        0xc /Users/ruslanpavluchenko/.platformio/packages/toolchain-atmelavr/bin/../lib/gcc/avr/7.3.0/../../../../avr/lib/avr5/libm.a(fp_inf.o)
                0x0000000000007292                __fp_inf
 .text.avr-libc.fplib
                0x000000000000729e        0x6 /Users/ruslanpavluchenko/.platformio/packages/toolchain-atmelavr/bin/../lib/gcc/avr/7.3.0/../../../../avr/lib/avr5/libm.a(fp_nan.o)
                0x000000000000729e                __fp_nan
 .text.avr-libc.fplib
                0x00000000000072a4        0xe /Users/ruslanpavluchenko/.platformio/packages/toolchain-atmelavr/bin/../lib/gcc/avr/7.3.0/../../../../avr/lib/avr5/libm.a(fp_pscA.o)
                0x00000000000072a4                __fp_pscA
 .text.avr-libc.fplib
                0x00000000000072b2        0xe /Users/ruslanpavluchenko/.platformio/packages/toolchain-atmelavr/bin/../lib/gcc/avr/7.3.0/../../../../avr/lib/avr5/libm.a(fp_pscB.o)
                0x00000000000072b2                __fp_pscB
 .text.avr-libc.fplib
                0x00000000000072c0       0x22 /Users/ruslanpavluchenko/.platformio/packages/toolchain-atmelavr/bin/../lib/gcc/avr/7.3.0/../../../../avr/lib/avr5/libm.a(fp_round.o)
                0x00000000000072c0                __fp_round
 .text.avr-libc.fplib
                0x00000000000072e2       0x44 /Users/ruslanpavluchenko/.platformio/packages/toolchain-atmelavr/bin/../lib/gcc/avr/7.3.0/../../../../avr/lib/avr5/libm.a(fp_split3.o)
                0x00000000000072e2                __fp_split3
                0x00000000000072f2                __fp_splitA
 .text.avr-libc.fplib
                0x0000000000007326        0xe /Users/ruslanpavluchenko/.platformio/packages/toolchain-atmelavr/bin/../lib/gcc/avr/7.3.0/../../../../avr/lib/avr5/libm.a(fp_zero.o)
                0x0000000000007326                __fp_zero
                0x0000000000007328                __fp_szero
 .text.avr-libc.fplib
                0x0000000000007334        0xa /Users/ruslanpavluchenko/.platformio/packages/toolchain-atmelavr/bin/../lib/gcc/avr/7.3.0/../../../../avr/lib/avr5/libm.a(gesf2.o)
                0x0000000000007334                __gtsf2
                0x0000000000007334                __gesf2
 .text.avr-libc.fplib
                0x000000000000733e        0x8 /Users/ruslanpavluchenko/.platformio/packages/toolchain-atmelavr/bin/../lib/gcc/avr/7.3.0/../../../../avr/lib/avr5/libm.a(mulsf3.o)
                0x000000000000733e                __mulsf3
 .text.avr-libc.fplib
                0x0000000000007346       0xd2 /Users/ruslanpavluchenko/.platformio/packages/toolchain-atmelavr/bin/../lib/gcc/avr/7.3.0/../../../../avr/lib/avr5/libm.a(mulsf3x.o)
                0x0000000000007364                __mulsf3x
                0x000000000000736a                __mulsf3_pse
 .text.avr-libc
                0x0000000000007418        0xe /Users/ruslanpavluchenko/.platformio/packages/toolchain-atmelavr/bin/../lib/gcc/avr/7.3.0/../../../../avr/lib/avr5/libc.a(memset.o)
                0x0000000000007418                memset
 .text.avr-libc
                0x0000000000007426        0xe /Users/ruslanpavluchenko/.platformio/packages/toolchain-atmelavr/bin/../lib/gcc/avr/7.3.0/../../../../avr/lib/avr5/libc.a(strcpy.o)
                0x0000000000007426                strcpy
 .text.avr-libc
                0x0000000000007434       0x46 /Users/ruslanpavluchenko/.platformio/packages/toolchain-atmelavr/bin/../lib/gcc/avr/7.3.0/../../../../avr/lib/avr5/libc.a(sprintf.o)
                0x0000000000007434                sprintf
 .text.avr-libc
                0x000000000000747a      0x3b4 /Users/ruslanpavluchenko/.platformio/packages/toolchain-atmelavr/bin/../lib/gcc/avr/7.3.0/../../../../avr/lib/avr5/libc.a(vfprintf_std.o)
                0x000000000000747a                vfprintf
 .text.avr-libc
                0x000000000000782e       0x16 /Users/ruslanpavluchenko/.platformio/packages/toolchain-atmelavr/bin/../lib/gcc/avr/7.3.0/../../../../avr/lib/avr5/libc.a(strnlen_P.o)
                0x000000000000782e                strnlen_P
 .text.avr-libc
                0x0000000000007844       0x16 /Users/ruslanpavluchenko/.platformio/packages/toolchain-atmelavr/bin/../lib/gcc/avr/7.3.0/../../../../avr/lib/avr5/libc.a(strnlen.o)
                0x0000000000007844                strnlen
 .text.avr-libc
                0x000000000000785a       0x60 /Users/ruslanpavluchenko/.platformio/packages/toolchain-atmelavr/bin/../lib/gcc/avr/7.3.0/../../../../avr/lib/avr5/libc.a(fputc.o)
                0x000000000000785a                fputc
 .text.avr-libc
                0x00000000000078ba       0xbc /Users/ruslanpavluchenko/.platformio/packages/toolchain-atmelavr/bin/../lib/gcc/avr/7.3.0/../../../../avr/lib/avr5/libc.a(ultoa_invert.o)
                0x00000000000078ba                __ultoa_invert
 .text.libgcc.prologue
                0x0000000000007976       0x38 /Users/ruslanpavluchenko/.platformio/packages/toolchain-atmelavr/bin/../lib/gcc/avr/7.3.0/avr5/libgcc.a(_prologue.o)
                0x0000000000007976                __prologue_saves__
 .text.libgcc.prologue
                0x00000000000079ae       0x36 /Users/ruslanpavluchenko/.platformio/packages/toolchain-atmelavr/bin/../lib/gcc/avr/7.3.0/avr5/libgcc.a(_epilogue.o)
                0x00000000000079ae                __epilogue_restores__
                0x00000000000079e4                . = ALIGN (0x2)
 *(.fini9)
 .fini9         0x00000000000079e4        0x0 /Users/ruslanpavluchenko/.platformio/packages/toolchain-atmelavr/bin/../lib/gcc/avr/7.3.0/avr5/libgcc.a(_exit.o)
                0x00000000000079e4                exit
                0x00000000000079e4                _exit
 *(.fini9)
 *(.fini8)
 *(.fini8)
 *(.fini7)
 *(.fini7)
 *(.fini6)
 *(.fini6)
 *(.fini5)
 *(.fini5)
 *(.fini4)
 *(.fini4)
 *(.fini3)
 *(.fini3)
 *(.fini2)
 *(.fini2)
 *(.fini1)
 *(.fini1)
 *(.fini0)
 .fini0         0x00000000000079e4        0x4 /Users/ruslanpavluchenko/.platformio/packages/toolchain-atmelavr/bin/../lib/gcc/avr/7.3.0/avr5/libgcc.a(_exit.o)
 *(.fini0)
                0x00000000000079e8                _etext = .

.data           0x0000000000800100      0x134 load address 0x00000000000079e8
                0x0000000000800100                PROVIDE (__data_start, .)
 *(.data)
 .data          0x0000000000800100        0x9 /var/folders/1r/4jl13l9d1kgg9fz7f_55_pb00000gn/T//ccdGXS7h.ltrans0.ltrans.o
 *(.data*)
 *(.gnu.linkonce.d*)
 *(.rodata)
 .rodata        0x0000000000800109       0xf1 /var/folders/1r/4jl13l9d1kgg9fz7f_55_pb00000gn/T//ccdGXS7h.ltrans0.ltrans.o
 *(.rodata*)
 .rodata.str1.1
                0x00000000008001fa       0x3a /var/folders/1r/4jl13l9d1kgg9fz7f_55_pb00000gn/T//ccdGXS7h.ltrans0.ltrans.o
                                         0x40 (size before relaxing)
 *(.gnu.linkonce.r*)
                0x0000000000800234                . = ALIGN (0x2)
                0x0000000000800234                _edata = .
                0x0000000000800234                PROVIDE (__data_end, .)

.bss            0x0000000000800234      0x3bf
                0x0000000000800234                PROVIDE (__bss_start, .)
 *(.bss)
 .bss           0x0000000000800234      0x3bf /var/folders/1r/4jl13l9d1kgg9fz7f_55_pb00000gn/T//ccdGXS7h.ltrans0.ltrans.o
 *(.bss*)
 *(COMMON)
                0x00000000008005f3                PROVIDE (__bss_end, .)
                0x00000000000079e8                __data_load_start = LOADADDR (.data)
                0x0000000000007b1c                __data_load_end = (__data_load_start + SIZEOF (.data))

.noinit         0x00000000008005f3        0x0
                [!provide]                        PROVIDE (__noinit_start, .)
 *(.noinit*)
                [!provide]                        PROVIDE (__noinit_end, .)
                0x00000000008005f3                _end = .
                [!provide]                        PROVIDE (__heap_start, .)

.eeprom         0x0000000000810000       0x8c
 *(.eeprom*)
 .eeprom        0x0000000000810000       0x8c /var/folders/1r/4jl13l9d1kgg9fz7f_55_pb00000gn/T//ccdGXS7h.ltrans0.ltrans.o
                0x000000000081008c                __eeprom_end = .

.fuse
 *(.fuse)
 *(.lfuse)
 *(.hfuse)
 *(.efuse)

.lock
 *(.lock*)

.signature
 *(.signature*)

.user_signatures
 *(.user_signatures*)

.stab
 *(.stab)

.stabstr
 *(.stabstr)

.stab.excl
 *(.stab.excl)

.stab.exclstr
 *(.stab.exclstr)

.stab.index
 *(.stab.index)

.stab.indexstr
 *(.stab.indexstr)

.comment        0x0000000000000000       0x11
 *(.comment)
 .comment       0x0000000000000000       0x11 /var/folders/1r/4jl13l9d1kgg9fz7f_55_pb00000gn/T//ccdGXS7h.ltrans0.ltrans.o
                                         0x12 (size before relaxing)
 .comment       0x0000000000000011       0x12 /Users/ruslanpavluchenko/.platformio/packages/toolchain-atmelavr/bin/../lib/gcc/avr/7.3.0/../../../../avr/lib/avr5/libc.a(sprintf.o)
 .comment       0x0000000000000011       0x12 /Users/ruslanpavluchenko/.platformio/packages/toolchain-atmelavr/bin/../lib/gcc/avr/7.3.0/../../../../avr/lib/avr5/libc.a(vfprintf_std.o)
 .comment       0x0000000000000011       0x12 /Users/ruslanpavluchenko/.platformio/packages/toolchain-atmelavr/bin/../lib/gcc/avr/7.3.0/../../../../avr/lib/avr5/libc.a(fputc.o)

.note.gnu.avr.deviceinfo
                0x0000000000000000       0x40
 .note.gnu.avr.deviceinfo
                0x0000000000000000       0x40 /Users/ruslanpavluchenko/.platformio/packages/toolchain-atmelavr/bin/../lib/gcc/avr/7.3.0/../../../../avr/lib/avr5/crtatmega328p.o

.note.gnu.build-id
 *(.note.gnu.build-id)

.debug
 *(.debug)

.line
 *(.line)

.debug_srcinfo
 *(.debug_srcinfo)

.debug_sfnames
 *(.debug_sfnames)

.debug_aranges  0x0000000000000000      0x200
 *(.debug_aranges)
 .debug_aranges
                0x0000000000000000       0x20 /Users/ruslanpavluchenko/.platformio/packages/toolchain-atmelavr/bin/../lib/gcc/avr/7.3.0/avr5/libgcc.a(_exit.o)
 .debug_aranges
                0x0000000000000020       0x20 /Users/ruslanpavluchenko/.platformio/packages/toolchain-atmelavr/bin/../lib/gcc/avr/7.3.0/avr5/libgcc.a(_divmodsi4.o)
 .debug_aranges
                0x0000000000000040       0x20 /Users/ruslanpavluchenko/.platformio/packages/toolchain-atmelavr/bin/../lib/gcc/avr/7.3.0/avr5/libgcc.a(_negsi2.o)
 .debug_aranges
                0x0000000000000060       0x20 /Users/ruslanpavluchenko/.platformio/packages/toolchain-atmelavr/bin/../lib/gcc/avr/7.3.0/avr5/libgcc.a(_copy_data.o)
 .debug_aranges
                0x0000000000000080       0x20 /Users/ruslanpavluchenko/.platformio/packages/toolchain-atmelavr/bin/../lib/gcc/avr/7.3.0/avr5/libgcc.a(_muluhisi3.o)
 .debug_aranges
                0x00000000000000a0       0x20 /Users/ruslanpavluchenko/.platformio/packages/toolchain-atmelavr/bin/../lib/gcc/avr/7.3.0/avr5/libgcc.a(_mulshisi3.o)
 .debug_aranges
                0x00000000000000c0       0x20 /Users/ruslanpavluchenko/.platformio/packages/toolchain-atmelavr/bin/../lib/gcc/avr/7.3.0/avr5/libgcc.a(_udivmodsi4.o)
 .debug_aranges
                0x00000000000000e0       0x20 /Users/ruslanpavluchenko/.platformio/packages/toolchain-atmelavr/bin/../lib/gcc/avr/7.3.0/avr5/libgcc.a(_umulhisi3.o)
 .debug_aranges
                0x0000000000000100       0x20 /Users/ruslanpavluchenko/.platformio/packages/toolchain-atmelavr/bin/../lib/gcc/avr/7.3.0/avr5/libgcc.a(_mulsi3.o)
 .debug_aranges
                0x0000000000000120       0x20 /Users/ruslanpavluchenko/.platformio/packages/toolchain-atmelavr/bin/../lib/gcc/avr/7.3.0/avr5/libgcc.a(_udivmodqi4.o)
 .debug_aranges
                0x0000000000000140       0x20 /Users/ruslanpavluchenko/.platformio/packages/toolchain-atmelavr/bin/../lib/gcc/avr/7.3.0/avr5/libgcc.a(_udivmodhi4.o)
 .debug_aranges
                0x0000000000000160       0x20 /Users/ruslanpavluchenko/.platformio/packages/toolchain-atmelavr/bin/../lib/gcc/avr/7.3.0/avr5/libgcc.a(_clear_bss.o)
 .debug_aranges
                0x0000000000000180       0x20 /Users/ruslanpavluchenko/.platformio/packages/toolchain-atmelavr/bin/../lib/gcc/avr/7.3.0/avr5/libgcc.a(_ctors.o)
 .debug_aranges
                0x00000000000001a0       0x20 /Users/ruslanpavluchenko/.platformio/packages/toolchain-atmelavr/bin/../lib/gcc/avr/7.3.0/avr5/libgcc.a(_tablejump2.o)
 .debug_aranges
                0x00000000000001c0       0x20 /Users/ruslanpavluchenko/.platformio/packages/toolchain-atmelavr/bin/../lib/gcc/avr/7.3.0/avr5/libgcc.a(_prologue.o)
 .debug_aranges
                0x00000000000001e0       0x20 /Users/ruslanpavluchenko/.platformio/packages/toolchain-atmelavr/bin/../lib/gcc/avr/7.3.0/avr5/libgcc.a(_epilogue.o)

.debug_pubnames
 *(.debug_pubnames)

.debug_info     0x0000000000000000     0x10d4
 *(.debug_info .gnu.linkonce.wi.*)
 .debug_info    0x0000000000000000      0x5f4 /Users/ruslanpavluchenko/.platformio/packages/toolchain-atmelavr/bin/../lib/gcc/avr/7.3.0/../../../../avr/lib/avr5/crtatmega328p.o
 .debug_info    0x00000000000005f4       0xae /Users/ruslanpavluchenko/.platformio/packages/toolchain-atmelavr/bin/../lib/gcc/avr/7.3.0/avr5/libgcc.a(_exit.o)
 .debug_info    0x00000000000006a2       0xae /Users/ruslanpavluchenko/.platformio/packages/toolchain-atmelavr/bin/../lib/gcc/avr/7.3.0/avr5/libgcc.a(_divmodsi4.o)
 .debug_info    0x0000000000000750       0xae /Users/ruslanpavluchenko/.platformio/packages/toolchain-atmelavr/bin/../lib/gcc/avr/7.3.0/avr5/libgcc.a(_negsi2.o)
 .debug_info    0x00000000000007fe       0xae /Users/ruslanpavluchenko/.platformio/packages/toolchain-atmelavr/bin/../lib/gcc/avr/7.3.0/avr5/libgcc.a(_copy_data.o)
 .debug_info    0x00000000000008ac       0xae /Users/ruslanpavluchenko/.platformio/packages/toolchain-atmelavr/bin/../lib/gcc/avr/7.3.0/avr5/libgcc.a(_muluhisi3.o)
 .debug_info    0x000000000000095a       0xae /Users/ruslanpavluchenko/.platformio/packages/toolchain-atmelavr/bin/../lib/gcc/avr/7.3.0/avr5/libgcc.a(_mulshisi3.o)
 .debug_info    0x0000000000000a08       0xae /Users/ruslanpavluchenko/.platformio/packages/toolchain-atmelavr/bin/../lib/gcc/avr/7.3.0/avr5/libgcc.a(_udivmodsi4.o)
 .debug_info    0x0000000000000ab6       0xae /Users/ruslanpavluchenko/.platformio/packages/toolchain-atmelavr/bin/../lib/gcc/avr/7.3.0/avr5/libgcc.a(_umulhisi3.o)
 .debug_info    0x0000000000000b64       0xae /Users/ruslanpavluchenko/.platformio/packages/toolchain-atmelavr/bin/../lib/gcc/avr/7.3.0/avr5/libgcc.a(_mulsi3.o)
 .debug_info    0x0000000000000c12       0xae /Users/ruslanpavluchenko/.platformio/packages/toolchain-atmelavr/bin/../lib/gcc/avr/7.3.0/avr5/libgcc.a(_udivmodqi4.o)
 .debug_info    0x0000000000000cc0       0xae /Users/ruslanpavluchenko/.platformio/packages/toolchain-atmelavr/bin/../lib/gcc/avr/7.3.0/avr5/libgcc.a(_udivmodhi4.o)
 .debug_info    0x0000000000000d6e       0xae /Users/ruslanpavluchenko/.platformio/packages/toolchain-atmelavr/bin/../lib/gcc/avr/7.3.0/avr5/libgcc.a(_clear_bss.o)
 .debug_info    0x0000000000000e1c       0xae /Users/ruslanpavluchenko/.platformio/packages/toolchain-atmelavr/bin/../lib/gcc/avr/7.3.0/avr5/libgcc.a(_ctors.o)
 .debug_info    0x0000000000000eca       0xae /Users/ruslanpavluchenko/.platformio/packages/toolchain-atmelavr/bin/../lib/gcc/avr/7.3.0/avr5/libgcc.a(_tablejump2.o)
 .debug_info    0x0000000000000f78       0xae /Users/ruslanpavluchenko/.platformio/packages/toolchain-atmelavr/bin/../lib/gcc/avr/7.3.0/avr5/libgcc.a(_prologue.o)
 .debug_info    0x0000000000001026       0xae /Users/ruslanpavluchenko/.platformio/packages/toolchain-atmelavr/bin/../lib/gcc/avr/7.3.0/avr5/libgcc.a(_epilogue.o)

.debug_abbrev   0x0000000000000000      0x6e2
 *(.debug_abbrev)
 .debug_abbrev  0x0000000000000000      0x5a2 /Users/ruslanpavluchenko/.platformio/packages/toolchain-atmelavr/bin/../lib/gcc/avr/7.3.0/../../../../avr/lib/avr5/crtatmega328p.o
 .debug_abbrev  0x00000000000005a2       0x14 /Users/ruslanpavluchenko/.platformio/packages/toolchain-atmelavr/bin/../lib/gcc/avr/7.3.0/avr5/libgcc.a(_exit.o)
 .debug_abbrev  0x00000000000005b6       0x14 /Users/ruslanpavluchenko/.platformio/packages/toolchain-atmelavr/bin/../lib/gcc/avr/7.3.0/avr5/libgcc.a(_divmodsi4.o)
 .debug_abbrev  0x00000000000005ca       0x14 /Users/ruslanpavluchenko/.platformio/packages/toolchain-atmelavr/bin/../lib/gcc/avr/7.3.0/avr5/libgcc.a(_negsi2.o)
 .debug_abbrev  0x00000000000005de       0x14 /Users/ruslanpavluchenko/.platformio/packages/toolchain-atmelavr/bin/../lib/gcc/avr/7.3.0/avr5/libgcc.a(_copy_data.o)
 .debug_abbrev  0x00000000000005f2       0x14 /Users/ruslanpavluchenko/.platformio/packages/toolchain-atmelavr/bin/../lib/gcc/avr/7.3.0/avr5/libgcc.a(_muluhisi3.o)
 .debug_abbrev  0x0000000000000606       0x14 /Users/ruslanpavluchenko/.platformio/packages/toolchain-atmelavr/bin/../lib/gcc/avr/7.3.0/avr5/libgcc.a(_mulshisi3.o)
 .debug_abbrev  0x000000000000061a       0x14 /Users/ruslanpavluchenko/.platformio/packages/toolchain-atmelavr/bin/../lib/gcc/avr/7.3.0/avr5/libgcc.a(_udivmodsi4.o)
 .debug_abbrev  0x000000000000062e       0x14 /Users/ruslanpavluchenko/.platformio/packages/toolchain-atmelavr/bin/../lib/gcc/avr/7.3.0/avr5/libgcc.a(_umulhisi3.o)
 .debug_abbrev  0x0000000000000642       0x14 /Users/ruslanpavluchenko/.platformio/packages/toolchain-atmelavr/bin/../lib/gcc/avr/7.3.0/avr5/libgcc.a(_mulsi3.o)
 .debug_abbrev  0x0000000000000656       0x14 /Users/ruslanpavluchenko/.platformio/packages/toolchain-atmelavr/bin/../lib/gcc/avr/7.3.0/avr5/libgcc.a(_udivmodqi4.o)
 .debug_abbrev  0x000000000000066a       0x14 /Users/ruslanpavluchenko/.platformio/packages/toolchain-atmelavr/bin/../lib/gcc/avr/7.3.0/avr5/libgcc.a(_udivmodhi4.o)
 .debug_abbrev  0x000000000000067e       0x14 /Users/ruslanpavluchenko/.platformio/packages/toolchain-atmelavr/bin/../lib/gcc/avr/7.3.0/avr5/libgcc.a(_clear_bss.o)
 .debug_abbrev  0x0000000000000692       0x14 /Users/ruslanpavluchenko/.platformio/packages/toolchain-atmelavr/bin/../lib/gcc/avr/7.3.0/avr5/libgcc.a(_ctors.o)
 .debug_abbrev  0x00000000000006a6       0x14 /Users/ruslanpavluchenko/.platformio/packages/toolchain-atmelavr/bin/../lib/gcc/avr/7.3.0/avr5/libgcc.a(_tablejump2.o)
 .debug_abbrev  0x00000000000006ba       0x14 /Users/ruslanpavluchenko/.platformio/packages/toolchain-atmelavr/bin/../lib/gcc/avr/7.3.0/avr5/libgcc.a(_prologue.o)
 .debug_abbrev  0x00000000000006ce       0x14 /Users/ruslanpavluchenko/.platformio/packages/toolchain-atmelavr/bin/../lib/gcc/avr/7.3.0/avr5/libgcc.a(_epilogue.o)

.debug_line     0x0000000000000000      0xac6
 *(.debug_line .debug_line.* .debug_line_end)
 .debug_line    0x0000000000000000       0x1a /Users/ruslanpavluchenko/.platformio/packages/toolchain-atmelavr/bin/../lib/gcc/avr/7.3.0/../../../../avr/lib/avr5/crtatmega328p.o
 .debug_line    0x000000000000001a       0x62 /Users/ruslanpavluchenko/.platformio/packages/toolchain-atmelavr/bin/../lib/gcc/avr/7.3.0/avr5/libgcc.a(_exit.o)
 .debug_line    0x000000000000007c       0xce /Users/ruslanpavluchenko/.platformio/packages/toolchain-atmelavr/bin/../lib/gcc/avr/7.3.0/avr5/libgcc.a(_divmodsi4.o)
 .debug_line    0x000000000000014a       0x62 /Users/ruslanpavluchenko/.platformio/packages/toolchain-atmelavr/bin/../lib/gcc/avr/7.3.0/avr5/libgcc.a(_negsi2.o)
 .debug_line    0x00000000000001ac       0x98 /Users/ruslanpavluchenko/.platformio/packages/toolchain-atmelavr/bin/../lib/gcc/avr/7.3.0/avr5/libgcc.a(_copy_data.o)
 .debug_line    0x0000000000000244       0x92 /Users/ruslanpavluchenko/.platformio/packages/toolchain-atmelavr/bin/../lib/gcc/avr/7.3.0/avr5/libgcc.a(_muluhisi3.o)
 .debug_line    0x00000000000002d6       0x7a /Users/ruslanpavluchenko/.platformio/packages/toolchain-atmelavr/bin/../lib/gcc/avr/7.3.0/avr5/libgcc.a(_mulshisi3.o)
 .debug_line    0x0000000000000350      0x122 /Users/ruslanpavluchenko/.platformio/packages/toolchain-atmelavr/bin/../lib/gcc/avr/7.3.0/avr5/libgcc.a(_udivmodsi4.o)
 .debug_line    0x0000000000000472       0xb0 /Users/ruslanpavluchenko/.platformio/packages/toolchain-atmelavr/bin/../lib/gcc/avr/7.3.0/avr5/libgcc.a(_umulhisi3.o)
 .debug_line    0x0000000000000522       0xb0 /Users/ruslanpavluchenko/.platformio/packages/toolchain-atmelavr/bin/../lib/gcc/avr/7.3.0/avr5/libgcc.a(_mulsi3.o)
 .debug_line    0x00000000000005d2       0x9e /Users/ruslanpavluchenko/.platformio/packages/toolchain-atmelavr/bin/../lib/gcc/avr/7.3.0/avr5/libgcc.a(_udivmodqi4.o)
 .debug_line    0x0000000000000670       0xce /Users/ruslanpavluchenko/.platformio/packages/toolchain-atmelavr/bin/../lib/gcc/avr/7.3.0/avr5/libgcc.a(_udivmodhi4.o)
 .debug_line    0x000000000000073e       0x86 /Users/ruslanpavluchenko/.platformio/packages/toolchain-atmelavr/bin/../lib/gcc/avr/7.3.0/avr5/libgcc.a(_clear_bss.o)
 .debug_line    0x00000000000007c4       0x92 /Users/ruslanpavluchenko/.platformio/packages/toolchain-atmelavr/bin/../lib/gcc/avr/7.3.0/avr5/libgcc.a(_ctors.o)
 .debug_line    0x0000000000000856       0x7a /Users/ruslanpavluchenko/.platformio/packages/toolchain-atmelavr/bin/../lib/gcc/avr/7.3.0/avr5/libgcc.a(_tablejump2.o)
 .debug_line    0x00000000000008d0       0xfe /Users/ruslanpavluchenko/.platformio/packages/toolchain-atmelavr/bin/../lib/gcc/avr/7.3.0/avr5/libgcc.a(_prologue.o)
 .debug_line    0x00000000000009ce       0xf8 /Users/ruslanpavluchenko/.platformio/packages/toolchain-atmelavr/bin/../lib/gcc/avr/7.3.0/avr5/libgcc.a(_epilogue.o)

.debug_frame
 *(.debug_frame)

.debug_str      0x0000000000000000      0x208
 *(.debug_str)
 .debug_str     0x0000000000000000      0x208 /Users/ruslanpavluchenko/.platformio/packages/toolchain-atmelavr/bin/../lib/gcc/avr/7.3.0/../../../../avr/lib/avr5/crtatmega328p.o

.debug_loc
 *(.debug_loc)

.debug_macinfo
 *(.debug_macinfo)

.debug_weaknames
 *(.debug_weaknames)

.debug_funcnames
 *(.debug_funcnames)

.debug_typenames
 *(.debug_typenames)

.debug_varnames
 *(.debug_varnames)

.debug_pubtypes
 *(.debug_pubtypes)

.debug_ranges
 *(.debug_ranges)

.debug_macro
 *(.debug_macro)
OUTPUT(.pio/build/EEP/firmware.elf elf32-avr)
LOAD linker stubs
